// Jest Snapshot v1, https://goo.gl/fbAQLP

exports[`<CounterComponentHook /> Should match snapshot 1`] = `
<div>
  <div>
    <b>
      counter : 
      0
    </b>
  </div>
  <button>
    Increase
  </button>
</div>
`;
